// Jest Snapshot v1, https://goo.gl/fbAQLP

exports[`<FilterPanel /> should match the snapshot 1`] = `
.c1 {
  padding: 10px 0px;
}

.c2 {
  margin: 0px 20px;
  font-size: 16px;
}

.c3 {
  margin-left: 20px;
}

.c0 {
  display: -webkit-box;
  display: -webkit-flex;
  display: -ms-flexbox;
  display: flex;
  -webkit-flex-direction: row;
  -ms-flex-direction: row;
  flex-direction: row;
  -webkit-flex-wrap: wrap;
  -ms-flex-wrap: wrap;
  flex-wrap: wrap;
  -webkit-align-items: center;
  -webkit-box-align: center;
  -ms-flex-align: center;
  align-items: center;
}

<div
  class="c0"
>
  <div
    class="c1"
  >
    <span
      class="ant-typography c2"
    >
      Select service: 
    </span>
    <div
      class="ant-select ant-select-single ant-select-allow-clear ant-select-show-arrow ant-select-show-search"
      style="width: 200px;"
    >
      <div
        class="ant-select-selector"
      >
        <span
          class="ant-select-selection-search"
        >
          <input
            aria-activedescendant="rc_select_TEST_OR_SSR_list_0"
            aria-autocomplete="list"
            aria-controls="rc_select_TEST_OR_SSR_list"
            aria-haspopup="listbox"
            aria-owns="rc_select_TEST_OR_SSR_list"
            autocomplete="off"
            class="ant-select-selection-search-input"
            id="rc_select_TEST_OR_SSR"
            role="combobox"
            type="search"
            value=""
          />
        </span>
        <span
          class="ant-select-selection-placeholder"
        >
          Select service to filter
        </span>
      </div>
      <span
        aria-hidden="true"
        class="ant-select-arrow"
        style="user-select: none;"
        unselectable="on"
      >
        <span
          aria-label="down"
          class="anticon anticon-down ant-select-suffix"
          role="img"
        >
          <svg
            aria-hidden="true"
            data-icon="down"
            fill="currentColor"
            focusable="false"
            height="1em"
            viewBox="64 64 896 896"
            width="1em"
          >
            <path
              d="M884 256h-75c-5.1 0-9.9 2.5-12.9 6.6L512 654.2 227.9 262.6c-3-4.1-7.8-6.6-12.9-6.6h-75c-6.5 0-10.3 7.4-6.5 12.7l352.6 486.1c12.8 17.6 39 17.6 51.7 0l352.6-486.1c3.9-5.3.1-12.7-6.4-12.7z"
            />
          </svg>
        </span>
      </span>
    </div>
  </div>
  <div
    class="c1"
  >
    <span
      class="c3"
    >
      <span
        class="ant-typography c2"
      >
        Select hourly rate: 
      </span>
      <span
        class="ant-input-affix-wrapper"
        style="width: 100px;"
      >
        <span
          class="ant-input-prefix"
        >
          €
        </span>
        <input
          class="ant-input"
          placeholder="from"
          type="text"
          value=""
        />
      </span>
       
      -
       
      <span
        class="ant-input-affix-wrapper"
        style="width: 100px;"
      >
        <span
          class="ant-input-prefix"
        >
          €
        </span>
        <input
          class="ant-input"
          placeholder="to"
          type="text"
          value=""
        />
      </span>
    </span>
  </div>
  <div
    class="c1"
  >
    <span
      class="ant-typography c2"
    >
      Select rating: 
    </span>
    <div
      class="ant-select ant-select-single ant-select-allow-clear ant-select-show-arrow"
      style="width: 150px;"
    >
      <div
        class="ant-select-selector"
      >
        <span
          class="ant-select-selection-search"
        >
          <input
            aria-activedescendant="rc_select_TEST_OR_SSR_list_0"
            aria-autocomplete="list"
            aria-controls="rc_select_TEST_OR_SSR_list"
            aria-haspopup="listbox"
            aria-owns="rc_select_TEST_OR_SSR_list"
            autocomplete="off"
            class="ant-select-selection-search-input"
            id="rc_select_TEST_OR_SSR"
            readonly=""
            role="combobox"
            style="opacity: 0;"
            type="search"
            unselectable="on"
            value=""
          />
        </span>
        <span
          class="ant-select-selection-placeholder"
        >
          Select rating
        </span>
      </div>
      <span
        aria-hidden="true"
        class="ant-select-arrow"
        style="user-select: none;"
        unselectable="on"
      >
        <span
          aria-label="down"
          class="anticon anticon-down ant-select-suffix"
          role="img"
        >
          <svg
            aria-hidden="true"
            data-icon="down"
            fill="currentColor"
            focusable="false"
            height="1em"
            viewBox="64 64 896 896"
            width="1em"
          >
            <path
              d="M884 256h-75c-5.1 0-9.9 2.5-12.9 6.6L512 654.2 227.9 262.6c-3-4.1-7.8-6.6-12.9-6.6h-75c-6.5 0-10.3 7.4-6.5 12.7l352.6 486.1c12.8 17.6 39 17.6 51.7 0l352.6-486.1c3.9-5.3.1-12.7-6.4-12.7z"
            />
          </svg>
        </span>
      </span>
    </div>
  </div>
</div>
`;
