// Jest Snapshot v1, https://goo.gl/fbAQLP

exports[`<UserInfo /> should match the snapshot 1`] = `
.c4 {
  font-size: 1.2em;
  font-weight: bold;
}

.c3 {
  border-radius: 4px;
  margin: 8px;
}

.c2 {
  margin: 0px !important;
  margin-top: 8px !important;
}

.c1 {
  background: #f56a00;
}

.c0 {
  display: -webkit-box;
  display: -webkit-flex;
  display: -ms-flexbox;
  display: flex;
  -webkit-flex-direction: column;
  -ms-flex-direction: column;
  flex-direction: column;
  -webkit-align-items: center;
  -webkit-box-align: center;
  -ms-flex-align: center;
  align-items: center;
  justify-items: center;
}

<div
  class="c0"
>
  <span
    class="ant-avatar ant-avatar-circle c1"
  >
    <span
      class="ant-avatar-string"
      style="transform: scale(1) translateX(-50%);"
    >
      User
    </span>
  </span>
  <h5
    class="ant-typography c2"
  >
    
  </h5>
  <h5
    class="ant-typography c2"
  >
    <span
      aria-label="mail"
      class="anticon anticon-mail"
      role="img"
    >
      <svg
        aria-hidden="true"
        data-icon="mail"
        fill="currentColor"
        focusable="false"
        height="1em"
        viewBox="64 64 896 896"
        width="1em"
      >
        <path
          d="M928 160H96c-17.7 0-32 14.3-32 32v640c0 17.7 14.3 32 32 32h832c17.7 0 32-14.3 32-32V192c0-17.7-14.3-32-32-32zm-40 110.8V792H136V270.8l-27.6-21.5 39.3-50.5 42.8 33.3h643.1l42.8-33.3 39.3 50.5-27.7 21.5zM833.6 232L512 482 190.4 232l-42.8-33.3-39.3 50.5 27.6 21.5 341.6 265.6a55.99 55.99 0 0068.7 0L888 270.8l27.6-21.5-39.3-50.5-42.7 33.2z"
        />
      </svg>
    </span>
     
  </h5>
  <span
    class="ant-tag ant-tag-geekblue c3"
  >
    Specialist
  </span>
  <ul
    class="ant-rate ant-rate-disabled"
    role="radiogroup"
    tabindex="-1"
  >
    <li
      class="ant-rate-star ant-rate-star-zero"
    >
      <div
        aria-checked="false"
        aria-posinset="1"
        aria-setsize="5"
        role="radio"
        tabindex="-1"
      >
        <div
          class="ant-rate-star-first"
        >
          <span
            aria-label="star"
            class="anticon anticon-star"
            role="img"
          >
            <svg
              aria-hidden="true"
              data-icon="star"
              fill="currentColor"
              focusable="false"
              height="1em"
              viewBox="64 64 896 896"
              width="1em"
            >
              <path
                d="M908.1 353.1l-253.9-36.9L540.7 86.1c-3.1-6.3-8.2-11.4-14.5-14.5-15.8-7.8-35-1.3-42.9 14.5L369.8 316.2l-253.9 36.9c-7 1-13.4 4.3-18.3 9.3a32.05 32.05 0 00.6 45.3l183.7 179.1-43.4 252.9a31.95 31.95 0 0046.4 33.7L512 754l227.1 119.4c6.2 3.3 13.4 4.4 20.3 3.2 17.4-3 29.1-19.5 26.1-36.9l-43.4-252.9 183.7-179.1c5-4.9 8.3-11.3 9.3-18.3 2.7-17.5-9.5-33.7-27-36.3z"
              />
            </svg>
          </span>
        </div>
        <div
          class="ant-rate-star-second"
        >
          <span
            aria-label="star"
            class="anticon anticon-star"
            role="img"
          >
            <svg
              aria-hidden="true"
              data-icon="star"
              fill="currentColor"
              focusable="false"
              height="1em"
              viewBox="64 64 896 896"
              width="1em"
            >
              <path
                d="M908.1 353.1l-253.9-36.9L540.7 86.1c-3.1-6.3-8.2-11.4-14.5-14.5-15.8-7.8-35-1.3-42.9 14.5L369.8 316.2l-253.9 36.9c-7 1-13.4 4.3-18.3 9.3a32.05 32.05 0 00.6 45.3l183.7 179.1-43.4 252.9a31.95 31.95 0 0046.4 33.7L512 754l227.1 119.4c6.2 3.3 13.4 4.4 20.3 3.2 17.4-3 29.1-19.5 26.1-36.9l-43.4-252.9 183.7-179.1c5-4.9 8.3-11.3 9.3-18.3 2.7-17.5-9.5-33.7-27-36.3z"
              />
            </svg>
          </span>
        </div>
      </div>
    </li>
    <li
      class="ant-rate-star ant-rate-star-zero"
    >
      <div
        aria-checked="false"
        aria-posinset="2"
        aria-setsize="5"
        role="radio"
        tabindex="-1"
      >
        <div
          class="ant-rate-star-first"
        >
          <span
            aria-label="star"
            class="anticon anticon-star"
            role="img"
          >
            <svg
              aria-hidden="true"
              data-icon="star"
              fill="currentColor"
              focusable="false"
              height="1em"
              viewBox="64 64 896 896"
              width="1em"
            >
              <path
                d="M908.1 353.1l-253.9-36.9L540.7 86.1c-3.1-6.3-8.2-11.4-14.5-14.5-15.8-7.8-35-1.3-42.9 14.5L369.8 316.2l-253.9 36.9c-7 1-13.4 4.3-18.3 9.3a32.05 32.05 0 00.6 45.3l183.7 179.1-43.4 252.9a31.95 31.95 0 0046.4 33.7L512 754l227.1 119.4c6.2 3.3 13.4 4.4 20.3 3.2 17.4-3 29.1-19.5 26.1-36.9l-43.4-252.9 183.7-179.1c5-4.9 8.3-11.3 9.3-18.3 2.7-17.5-9.5-33.7-27-36.3z"
              />
            </svg>
          </span>
        </div>
        <div
          class="ant-rate-star-second"
        >
          <span
            aria-label="star"
            class="anticon anticon-star"
            role="img"
          >
            <svg
              aria-hidden="true"
              data-icon="star"
              fill="currentColor"
              focusable="false"
              height="1em"
              viewBox="64 64 896 896"
              width="1em"
            >
              <path
                d="M908.1 353.1l-253.9-36.9L540.7 86.1c-3.1-6.3-8.2-11.4-14.5-14.5-15.8-7.8-35-1.3-42.9 14.5L369.8 316.2l-253.9 36.9c-7 1-13.4 4.3-18.3 9.3a32.05 32.05 0 00.6 45.3l183.7 179.1-43.4 252.9a31.95 31.95 0 0046.4 33.7L512 754l227.1 119.4c6.2 3.3 13.4 4.4 20.3 3.2 17.4-3 29.1-19.5 26.1-36.9l-43.4-252.9 183.7-179.1c5-4.9 8.3-11.3 9.3-18.3 2.7-17.5-9.5-33.7-27-36.3z"
              />
            </svg>
          </span>
        </div>
      </div>
    </li>
    <li
      class="ant-rate-star ant-rate-star-zero"
    >
      <div
        aria-checked="false"
        aria-posinset="3"
        aria-setsize="5"
        role="radio"
        tabindex="-1"
      >
        <div
          class="ant-rate-star-first"
        >
          <span
            aria-label="star"
            class="anticon anticon-star"
            role="img"
          >
            <svg
              aria-hidden="true"
              data-icon="star"
              fill="currentColor"
              focusable="false"
              height="1em"
              viewBox="64 64 896 896"
              width="1em"
            >
              <path
                d="M908.1 353.1l-253.9-36.9L540.7 86.1c-3.1-6.3-8.2-11.4-14.5-14.5-15.8-7.8-35-1.3-42.9 14.5L369.8 316.2l-253.9 36.9c-7 1-13.4 4.3-18.3 9.3a32.05 32.05 0 00.6 45.3l183.7 179.1-43.4 252.9a31.95 31.95 0 0046.4 33.7L512 754l227.1 119.4c6.2 3.3 13.4 4.4 20.3 3.2 17.4-3 29.1-19.5 26.1-36.9l-43.4-252.9 183.7-179.1c5-4.9 8.3-11.3 9.3-18.3 2.7-17.5-9.5-33.7-27-36.3z"
              />
            </svg>
          </span>
        </div>
        <div
          class="ant-rate-star-second"
        >
          <span
            aria-label="star"
            class="anticon anticon-star"
            role="img"
          >
            <svg
              aria-hidden="true"
              data-icon="star"
              fill="currentColor"
              focusable="false"
              height="1em"
              viewBox="64 64 896 896"
              width="1em"
            >
              <path
                d="M908.1 353.1l-253.9-36.9L540.7 86.1c-3.1-6.3-8.2-11.4-14.5-14.5-15.8-7.8-35-1.3-42.9 14.5L369.8 316.2l-253.9 36.9c-7 1-13.4 4.3-18.3 9.3a32.05 32.05 0 00.6 45.3l183.7 179.1-43.4 252.9a31.95 31.95 0 0046.4 33.7L512 754l227.1 119.4c6.2 3.3 13.4 4.4 20.3 3.2 17.4-3 29.1-19.5 26.1-36.9l-43.4-252.9 183.7-179.1c5-4.9 8.3-11.3 9.3-18.3 2.7-17.5-9.5-33.7-27-36.3z"
              />
            </svg>
          </span>
        </div>
      </div>
    </li>
    <li
      class="ant-rate-star ant-rate-star-zero"
    >
      <div
        aria-checked="false"
        aria-posinset="4"
        aria-setsize="5"
        role="radio"
        tabindex="-1"
      >
        <div
          class="ant-rate-star-first"
        >
          <span
            aria-label="star"
            class="anticon anticon-star"
            role="img"
          >
            <svg
              aria-hidden="true"
              data-icon="star"
              fill="currentColor"
              focusable="false"
              height="1em"
              viewBox="64 64 896 896"
              width="1em"
            >
              <path
                d="M908.1 353.1l-253.9-36.9L540.7 86.1c-3.1-6.3-8.2-11.4-14.5-14.5-15.8-7.8-35-1.3-42.9 14.5L369.8 316.2l-253.9 36.9c-7 1-13.4 4.3-18.3 9.3a32.05 32.05 0 00.6 45.3l183.7 179.1-43.4 252.9a31.95 31.95 0 0046.4 33.7L512 754l227.1 119.4c6.2 3.3 13.4 4.4 20.3 3.2 17.4-3 29.1-19.5 26.1-36.9l-43.4-252.9 183.7-179.1c5-4.9 8.3-11.3 9.3-18.3 2.7-17.5-9.5-33.7-27-36.3z"
              />
            </svg>
          </span>
        </div>
        <div
          class="ant-rate-star-second"
        >
          <span
            aria-label="star"
            class="anticon anticon-star"
            role="img"
          >
            <svg
              aria-hidden="true"
              data-icon="star"
              fill="currentColor"
              focusable="false"
              height="1em"
              viewBox="64 64 896 896"
              width="1em"
            >
              <path
                d="M908.1 353.1l-253.9-36.9L540.7 86.1c-3.1-6.3-8.2-11.4-14.5-14.5-15.8-7.8-35-1.3-42.9 14.5L369.8 316.2l-253.9 36.9c-7 1-13.4 4.3-18.3 9.3a32.05 32.05 0 00.6 45.3l183.7 179.1-43.4 252.9a31.95 31.95 0 0046.4 33.7L512 754l227.1 119.4c6.2 3.3 13.4 4.4 20.3 3.2 17.4-3 29.1-19.5 26.1-36.9l-43.4-252.9 183.7-179.1c5-4.9 8.3-11.3 9.3-18.3 2.7-17.5-9.5-33.7-27-36.3z"
              />
            </svg>
          </span>
        </div>
      </div>
    </li>
    <li
      class="ant-rate-star ant-rate-star-zero"
    >
      <div
        aria-checked="false"
        aria-posinset="5"
        aria-setsize="5"
        role="radio"
        tabindex="-1"
      >
        <div
          class="ant-rate-star-first"
        >
          <span
            aria-label="star"
            class="anticon anticon-star"
            role="img"
          >
            <svg
              aria-hidden="true"
              data-icon="star"
              fill="currentColor"
              focusable="false"
              height="1em"
              viewBox="64 64 896 896"
              width="1em"
            >
              <path
                d="M908.1 353.1l-253.9-36.9L540.7 86.1c-3.1-6.3-8.2-11.4-14.5-14.5-15.8-7.8-35-1.3-42.9 14.5L369.8 316.2l-253.9 36.9c-7 1-13.4 4.3-18.3 9.3a32.05 32.05 0 00.6 45.3l183.7 179.1-43.4 252.9a31.95 31.95 0 0046.4 33.7L512 754l227.1 119.4c6.2 3.3 13.4 4.4 20.3 3.2 17.4-3 29.1-19.5 26.1-36.9l-43.4-252.9 183.7-179.1c5-4.9 8.3-11.3 9.3-18.3 2.7-17.5-9.5-33.7-27-36.3z"
              />
            </svg>
          </span>
        </div>
        <div
          class="ant-rate-star-second"
        >
          <span
            aria-label="star"
            class="anticon anticon-star"
            role="img"
          >
            <svg
              aria-hidden="true"
              data-icon="star"
              fill="currentColor"
              focusable="false"
              height="1em"
              viewBox="64 64 896 896"
              width="1em"
            >
              <path
                d="M908.1 353.1l-253.9-36.9L540.7 86.1c-3.1-6.3-8.2-11.4-14.5-14.5-15.8-7.8-35-1.3-42.9 14.5L369.8 316.2l-253.9 36.9c-7 1-13.4 4.3-18.3 9.3a32.05 32.05 0 00.6 45.3l183.7 179.1-43.4 252.9a31.95 31.95 0 0046.4 33.7L512 754l227.1 119.4c6.2 3.3 13.4 4.4 20.3 3.2 17.4-3 29.1-19.5 26.1-36.9l-43.4-252.9 183.7-179.1c5-4.9 8.3-11.3 9.3-18.3 2.7-17.5-9.5-33.7-27-36.3z"
              />
            </svg>
          </span>
        </div>
      </div>
    </li>
  </ul>
  <span
    class="c4"
  >
    0
  </span>
</div>
`;
