// Jest Snapshot v1, https://goo.gl/fbAQLP

exports[`<NavigationMenu /> should match the snapshot 1`] = `
.c0 {
  background: transparent;
  border-bottom: 0px;
  font-size: 16px;
  display: -webkit-box;
  display: -webkit-flex;
  display: -ms-flexbox;
  display: flex;
  -webkit-box-pack: center;
  -webkit-justify-content: center;
  -ms-flex-pack: center;
  justify-content: center;
}

.c0 .ant-menu-item-selected a {
  color: #ffffff;
  opacity: 1;
}

<ul
  class="ant-menu ant-menu-dark c0 ant-menu-root ant-menu-horizontal"
  role="menu"
>
  <li
    class="ant-menu-submenu ant-menu-submenu-horizontal ant-menu-overflowed-submenu"
    role="menuitem"
    style="display: none;"
  >
    <div
      aria-expanded="false"
      aria-haspopup="true"
      class="ant-menu-submenu-title"
      role="button"
    >
      <span>
        ···
      </span>
      <i
        class="ant-menu-submenu-arrow"
      />
    </div>
  </li>
  <li
    class="ant-menu-item ant-menu-item-only-child ant-menu-item-selected"
    role="menuitem"
  >
    <a
      href="/"
    >
      Home
    </a>
  </li>
  <li
    class="ant-menu-submenu ant-menu-submenu-horizontal ant-menu-overflowed-submenu"
    role="menuitem"
    style="display: none;"
  >
    <div
      aria-expanded="false"
      aria-haspopup="true"
      class="ant-menu-submenu-title"
      role="button"
    >
      <span>
        ···
      </span>
      <i
        class="ant-menu-submenu-arrow"
      />
    </div>
  </li>
  <li
    class="ant-menu-item ant-menu-item-only-child"
    role="menuitem"
  >
    <a
      href="/profile"
    >
      Profile
    </a>
  </li>
  <li
    class="ant-menu-submenu ant-menu-submenu-horizontal ant-menu-overflowed-submenu"
    role="menuitem"
    style="visibility: hidden; position: absolute; display: none;"
  >
    <div
      aria-expanded="false"
      aria-haspopup="true"
      class="ant-menu-submenu-title"
      role="button"
    >
      <span>
        ···
      </span>
      <i
        class="ant-menu-submenu-arrow"
      />
    </div>
  </li>
</ul>
`;
